// Jest Snapshot v1, https://goo.gl/fbAQLP

exports[`OrdersView.vue checks content of order tables 1`] = `
<table aria-describedby="orders-title" class="table">
  <thead>
    <tr>
      <th scope="col"></th>
      <th scope="col"></th>
      <th scope="col">Title</th>
      <th scope="col">Submitted</th>
      <th scope="col">Project</th>
      <th scope="col">Order</th>
      <th scope="col">Application form</th>
      <th scope="col">State</th>
    </tr>
  </thead>
  <tbody>
    <tr>
      <td>
        <router-link-stub to="/shop/edcba" tag="a" event="click" class="btn btn-primary btn-sm">
          <font-awesome-icon-stub icon="edit" aria-label="edit"></font-awesome-icon-stub>
        </router-link-stub>
      </td>
      <td>
        <router-link-stub to="[object Object]" tag="a" event="click" class="btn btn-danger btn-sm t-btn-order-delete">
          <font-awesome-icon-stub icon="trash" aria-label="delete"></font-awesome-icon-stub>
        </router-link-stub>
      </td>
      <td></td>
      <td></td>
      <td></td>
      <td>edcba</td>
      <td>
        <!---->
      </td>
      <td><span class="badge badge-pill badge-info">Draft</span></td>
    </tr>
    <tr>
      <td>
        <!---->
      </td>
      <td>
        <!---->
      </td>
      <td>My draft order</td>
      <td></td>
      <td></td>
      <td>abcde</td>
      <td><span><a href="https://lifelines.test.molgenis.org/files/aaaac3rcetmgfmudsodb3laaay">Motivation.pdf<font-awesome-icon-stub icon="download" aria-label="download"></font-awesome-icon-stub></a></span></td>
      <td><span class="badge badge-pill badge-primary">Submitted</span></td>
    </tr>
  </tbody>
</table>
`;
